     ARTn-plugin::output
     version: 1.0.0
     git branch: DEVEL   commit: 5d4db04a
     Launched on (dd.mm.yyyy): 24.6.2025 at: 13:56:14



