
Due to MODULEPATH changes, the following have been reloaded:
  1) mii/1.1.2

The following have been reloaded with a version change:
  1) StdEnv/2023 => StdEnv/2020           5) libfabric/1.18.0 => libfabric/1.10.1
  2) gcccore/.12.3 => gcccore/.9.3.0      6) openmpi/4.1.5 => openmpi/4.0.3
  3) gentoo/2023 => gentoo/2020           7) ucx/1.14.1 => ucx/1.8.0
  4) imkl/2023.2.0 => imkl/2020.1.217

Starting run at: Tue Jun 24 13:54:12 EDT 2025
slurmstepd: error: *** JOB 56717132 ON bc11902 CANCELLED AT 2025-06-24T18:09:35 DUE TO TIME LIMIT ***
slurmstepd: error: *** STEP 56717132.0 ON bc11902 CANCELLED AT 2025-06-24T18:09:36 DUE TO TIME LIMIT ***
srun: Job step aborted: Waiting up to 62 seconds for job step to finish.
